// Jest Snapshot v1, https://goo.gl/fbAQLP

exports[`<CartList /> should render the cartList 1`] = `
.c2 {
  padding: 2.4rem;
  border-bottom: 0.1rem solid #EAEAEA;
  background-color: #FAFAFA;
}

.c3 {
  width: 100%;
  display: flex;
}

.c4 {
  flex-shrink: 0;
  margin-right: 1.2rem;
  width: 9.6rem;
  height: 5.6rem;
}

.c5 {
  width: 100%;
  height: 100%;
  object-fit: cover;
}

.c6 {
  width: 100%;
  display: flex;
  flex-direction: column;
  align-items: start;
}

.c7 {
  font-size: 1.4rem;
  line-height: 1.4rem;
  font-weight: 600;
  color: #030517;
  margin-bottom: 0.8rem;
}

.c9 {
  width: fit-content;
  color: #FAFAFA;
  padding: 0.2rem 0.8rem;
  font-size: 1.4rem;
  background-color: #3CD3C1;
  border-radius: 0.2rem;
}

.c8 {
  width: 100%;
  display: flex;
  align-items: center;
  justify-content: space-between;
}

.c0 {
  background-color: #FAFAFA;
  display: flex;
  flex-direction: column;
  align-self: start;
}

.c10 {
  background: #eee;
  color: #030517;
  font-weight: 600;
  font-size: 1.4rem;
  padding: 2rem;
  display: flex;
  align-items: center;
  justify-content: space-between;
}

.c11 {
  color: #F231A5;
}

.c1 {
  max-height: 40rem;
  overflow-y: auto;
}

@media (max-width: 1170px) {
  .c2 {
    padding: 0.8rem;
  }
}

@media (min-width: 768px) {
  .c4 {
    width: 15rem;
    height: 7rem;
    margin-right: 1.6rem;
  }
}

@media (min-width: 768px) {
  .c7 {
    font-size: 2.0rem;
    line-height: 2.0rem;
  }
}

@media (min-width: 768px) {
  .c10 {
    font-size: 1.6rem;
    padding: 2.4rem;
  }
}

<main
  class="c0"
>
  <div
    class="c1"
  >
    <div
      class="c2"
    >
      <div
        class="c3"
      >
        <div
          class="c4"
        >
          <img
            alt="Red Dead Redemption 2"
            class="c5"
            src="https://source.unsplash.com/user/willianjusten/151x70"
          />
        </div>
        <div
          class="c6"
        >
          <h3
            class="c7"
          >
            Red Dead Redemption 2
          </h3>
          <div
            class="c8"
          >
            <p
              class="c9"
            >
              R$ 215,00
            </p>
          </div>
        </div>
      </div>
    </div>
    <div
      class="c2"
    >
      <div
        class="c3"
      >
        <div
          class="c4"
        >
          <img
            alt="Borderlands 3"
            class="c5"
            src="https://source.unsplash.com/user/willianjusten/151x70"
          />
        </div>
        <div
          class="c6"
        >
          <h3
            class="c7"
          >
            Borderlands 3
          </h3>
          <div
            class="c8"
          >
            <p
              class="c9"
            >
              R$ 215,00
            </p>
          </div>
        </div>
      </div>
    </div>
  </div>
  <div
    class="c10"
  >
    <span>
      Total:
    </span>
    <span
      class="c11"
    >
      R$ 330,00
    </span>
  </div>
</main>
`;
